<testsuite errors="0" failures="0" name="Django Project Tests" skips="0" tests="9" time="0.532"><testcase classname="polls.tests.QuestionIndexDetailTests" name="test_detail_view_with_a_future_question" time="0.087919" /><testcase classname="polls.tests.QuestionIndexDetailTests" name="test_detail_view_with_a_past_question" time="0.029541" /><testcase classname="polls.tests.QuestionResultsTests" name="test_results_view_with_a_future_question" time="0.007107" /><testcase classname="polls.tests.QuestionResultsTests" name="test_results_view_with_a_past_question" time="0.011074" /><testcase classname="polls.tests.QuestionViewTests" name="test_index_view_with_a_future_question" time="0.018585" /><testcase classname="polls.tests.QuestionViewTests" name="test_index_view_with_a_past_question" time="0.353700" /><testcase classname="polls.tests.QuestionViewTests" name="test_index_view_with_future_question_and_past_question" time="0.005928" /><testcase classname="polls.tests.QuestionViewTests" name="test_index_view_with_no_questions" time="0.004477" /><testcase classname="polls.tests.QuestionViewTests" name="test_index_view_with_two_past_questions" time="0.007716" /></testsuite>